processStatusId: '1'
entityId: null
eventType: CREATE_OFFER_EXPORT
description: 'Create an offer export.'
status:
    pending: true
    success: false
    failure: false
    timeout: false
errorMessage: null
createTimestamp: '2000-01-01T00:00:00+01:00'
