processStatusId: '1'
entityId: null
eventType: CREATE_OFFER
description: 'Create an offer with ean 9780471117094.'
status:
    pending: true
    success: false
    failure: false
    timeout: false
errorMessage: null
createTimestamp: '2000-01-01T00:00:00+01:00'
