-
    orderId: '1043965710'
    orderPlacedDateTime: '2019-04-30T21:56:39+02:00'
    orderItems: [{ orderItemId: '6107989317', ean: '8717418510749', quantity: 2, quantityShipped: 1, quantityCancelled: 1 }]
-
    orderId: '1042823870'
    orderPlacedDateTime: '2019-04-30T16:47:32+02:00'
    orderItems: [{ orderItemId: '6107771545', ean: '8785056370398', quantity: 1, quantityShipped: 1, quantityCancelled: 0 }, { orderItemId: '6107771546', ean: '8785073140359', quantity: 1, quantityShipped: 1, quantityCancelled: 0 }]
