orderId: B3K8290LP0
pickupPoint: false
orderPlacedDateTime: '2020-01-01T13:04:34+01:00'
shipmentDetails:
    pickupPointName: null
    salutation: FEMALE
    firstName: Hans
    surname: 'de Grote'
    streetName: Skywalkerstraat
    houseNumber: '199'
    houseNumberExtension: null
    extraAddressInformation: null
    zipCode: 1234AB
    city: PLATOONDORP
    countryCode: NL
    email: 2mqmu3hefoawq3mqgzxh4hbpkyh2rs@verkopen.test2.bol.com
    company: null
    deliveryPhoneNumber: null
    language: nl
billingDetails:
    salutation: MALE
    firstName: Pieter
    surname: Post
    streetName: Skywalkerstraat
    houseNumber: '21'
    houseNumberExtension: X
    extraAddressInformation: 'Extra informatie'
    zipCode: 1234AB
    city: PLATOONDORP
    countryCode: NL
    email: 2yldzdi2wjcf5ir4sycq7lufqpytxy@verkopen.test2.bol.com
    company: 'Pieter Post'
    vatNumber: NL123456789B01
    kvkNumber: '99887766'
    orderReference: 'Mijn order ref'
orderItems:
    - { orderItemId: '2070906706', cancellationRequest: false, fulfilment: { method: FBR, distributionParty: RETAILER, latestDeliveryDate: null, exactDeliveryDate: '2020-01-08', expiryDate: '2020-01-09', timeFrameType: REGULAR }, offer: { offerId: 8f6283e3-de98-c92f-e053-3598790a63b5, reference: MijnOffer0021 }, product: { ean: '8718846038683', title: 'adidas Originals Booklet case Bohemian color for iPhone 7/8 colourful' }, quantity: 1, quantityShipped: 1, quantityCancelled: 0, unitPrice: 34.99, commission: 2.22, additionalServices: {  }, latestChangedDateTime: '2020-01-01T13:04:34+01:00' }
