orderId: '1042823870'
pickupPoint: false
orderPlacedDateTime: '2019-04-30T16:47:32+02:00'
shipmentDetails:
    pickupPointName: null
    salutation: MALE
    firstName: Hans
    surname: 'de Grote'
    streetName: Skywalkerstraat
    houseNumber: '199'
    houseNumberExtension: null
    extraAddressInformation: null
    zipCode: 1234AB
    city: PLATOONDORP
    countryCode: NL
    email: 27zoytzc3crf2r6bctxfa3m2mrjbci@verkopen.test2.bol.com
    company: null
    deliveryPhoneNumber: null
    language: nl
billingDetails:
    salutation: MALE
    firstName: Pieter
    surname: Post
    streetName: Skywalkerstraat
    houseNumber: '21'
    houseNumberExtension: X
    extraAddressInformation: 'Extra informatie'
    zipCode: 1234AB
    city: PLATOONDORP
    countryCode: NL
    email: 2yldzdi2wjcf5ir4sycq7lufqpytxy@verkopen.test2.bol.com
    company: 'Pieter Post'
    vatNumber: NL123456789B01
    kvkNumber: '99887766'
    orderReference: 'Mijn order ref'
orderItems:
    - { orderItemId: '6107771545', cancellationRequest: false, fulfilment: { method: FBB, distributionParty: RETAILER, latestDeliveryDate: '2018-04-22', exactDeliveryDate: null, expiryDate: '2018-04-25', timeFrameType: REGULAR }, offer: { offerId: 8f1183e3-de98-c92f-e053-3590612a63b7, reference: MijnOffer0021 }, product: { ean: '8785056370398', title: 'Star Wars Prequel Trilogy' }, quantity: 1, quantityShipped: 1, quantityCancelled: 0, unitPrice: 19.99, commission: 2.21, additionalServices: {  }, latestChangedDateTime: '2019-04-30T16:47:32+02:00' }
    - { orderItemId: '6107771546', cancellationRequest: false, fulfilment: { method: FBB, distributionParty: RETAILER, latestDeliveryDate: '2018-01-16', exactDeliveryDate: null, expiryDate: '2018-01-16', timeFrameType: REGULAR }, offer: { offerId: 8f6485e3-de66-c08f-e053-8602590a63b4, reference: MijnOffer1121 }, product: { ean: '8717418510749', title: 'Star Wars - The happy family 2' }, quantity: 1, quantityShipped: 1, quantityCancelled: 0, unitPrice: 32.98, commission: 6.38, additionalServices: {  }, latestChangedDateTime: '2019-04-30T16:47:32+02:00' }
