orderId: '1043965710'
pickupPoint: false
orderPlacedDateTime: '2019-04-30T21:56:39+02:00'
shipmentDetails:
    pickupPointName: null
    salutation: MALE
    firstName: Pieter
    surname: Post
    streetName: Skywalkerstraat
    houseNumber: '21'
    houseNumberExtension: null
    extraAddressInformation: null
    zipCode: 1234AB
    city: PLATOONDORP
    countryCode: NL
    email: 2yldzdi2wjcf5ir4sycq7lufqpytxy@verkopen.test2.bol.com
    company: null
    deliveryPhoneNumber: null
    language: nl
billingDetails:
    salutation: MALE
    firstName: Pieter
    surname: Post
    streetName: Skywalkerstraat
    houseNumber: '21'
    houseNumberExtension: X
    extraAddressInformation: 'Extra informatie'
    zipCode: 1234AB
    city: PLATOONDORP
    countryCode: NL
    email: 2yldzdi2wjcf5ir4sycq7lufqpytxy@verkopen.test2.bol.com
    company: 'Pieter Post'
    vatNumber: NL123456789B01
    kvkNumber: '99887766'
    orderReference: 'Mijn order ref'
orderItems:
    - { orderItemId: '6107989317', cancellationRequest: false, fulfilment: { method: FBB, distributionParty: RETAILER, latestDeliveryDate: '2019-05-01', exactDeliveryDate: null, expiryDate: '2019-05-04', timeFrameType: REGULAR }, offer: { offerId: 8f2785e3-de98-c97f-e053-3585190a63c1, reference: MijnOffer6627 }, product: { ean: '8717418510749', title: 'Star Wars - The happy family' }, quantity: 2, quantityShipped: 2, quantityCancelled: 0, unitPrice: 22.45, commission: 2.22, additionalServices: {  }, latestChangedDateTime: '2019-04-30T21:56:39+02:00' }
