processStatusId: '1'
entityId: '555551'
eventType: CREATE_SHIPMENT
description: 'This is a mocked process status.'
status:
    pending: true
    success: false
    failure: false
    timeout: false
errorMessage: null
createTimestamp: '2000-01-01T00:00:00+01:00'
