processStatusId: '1'
entityId: null
eventType: SEND_SUBSCRIPTION_TST_MSG
description: 'Send a test push notification for configured subscription.'
status:
    pending: true
    success: false
    failure: false
    timeout: false
errorMessage: null
createTimestamp: '2000-01-01T00:00:00+01:00'
