processStatusId: '1'
entityId: '1234'
eventType: UPDATE_SUBSCRIPTION
description: 'Update push notification subscription with id 1234.'
status:
    pending: true
    success: false
    failure: false
    timeout: false
errorMessage: null
createTimestamp: '2000-01-01T00:00:00+01:00'
